0 verbose cli /Users/yagnadeep/.nvm/versions/node/v23.11.0/bin/node /Users/yagnadeep/.nvm/versions/node/v23.11.0/bin/npm
1 info using npm@11.5.2
2 info using node@v23.11.0
3 silly config load:file:/Users/yagnadeep/.nvm/versions/node/v23.11.0/lib/node_modules/npm/npmrc
4 silly config load:file:/Users/yagnadeep/Desktop/avici-public-dashboard/frontend/.npmrc
5 silly config load:file:/Users/yagnadeep/Desktop/avici-public-dashboard/.npmrc
6 silly config load:file:/Users/yagnadeep/.nvm/versions/node/v23.11.0/etc/npmrc
7 verbose title npm install html-to-image
8 verbose argv "install" "html-to-image"
9 verbose logfile logs-max:10 dir:/Users/yagnadeep/Desktop/avici-public-dashboard/.npm/_logs/2025-11-18T16_03_13_518Z-
10 verbose logfile /Users/yagnadeep/Desktop/avici-public-dashboard/.npm/_logs/2025-11-18T16_03_13_518Z-debug-0.log
11 silly logfile done cleaning log files
12 silly packumentCache heap:2197815296 maxSize:549453824 maxEntrySize:274726912
13 silly idealTree buildDeps
14 silly fetch manifest html-to-image@*
15 silly packumentCache full:https://registry.npmjs.org/html-to-image cache-miss
16 verbose shrinkwrap failed to load node_modules/.package-lock.json out of date, updated: node_modules
17 http fetch GET 200 https://registry.npmjs.org/html-to-image 210ms (cache miss)
18 silly packumentCache full:https://registry.npmjs.org/html-to-image set size:undefined disposed:false
19 silly placeDep ROOT html-to-image@1.11.13 OK for: frontend@0.1.0 want: *
20 silly reify moves {}
21 verbose reify failed optional dependency /Users/yagnadeep/Desktop/avici-public-dashboard/frontend/node_modules/@tailwindcss/oxide-wasm32-wasi
22 silly reify mark deleted [
22 silly reify   '/Users/yagnadeep/Desktop/avici-public-dashboard/frontend/node_modules/@tailwindcss/oxide-wasm32-wasi'
22 silly reify ]
23 silly audit bulk request {
23 silly audit   '@alloc/quick-lru': [ '5.2.0' ],
23 silly audit   '@emnapi/runtime': [ '1.6.0' ],
23 silly audit   '@img/colour': [ '1.0.0' ],
23 silly audit   '@img/sharp-darwin-arm64': [ '0.34.4' ],
23 silly audit   '@img/sharp-darwin-x64': [ '0.34.4' ],
23 silly audit   '@img/sharp-libvips-darwin-arm64': [ '1.2.3' ],
23 silly audit   '@img/sharp-libvips-darwin-x64': [ '1.2.3' ],
23 silly audit   '@img/sharp-libvips-linux-arm': [ '1.2.3' ],
23 silly audit   '@img/sharp-libvips-linux-arm64': [ '1.2.3' ],
23 silly audit   '@img/sharp-libvips-linux-ppc64': [ '1.2.3' ],
23 silly audit   '@img/sharp-libvips-linux-s390x': [ '1.2.3' ],
23 silly audit   '@img/sharp-libvips-linux-x64': [ '1.2.3' ],
23 silly audit   '@img/sharp-libvips-linuxmusl-arm64': [ '1.2.3' ],
23 silly audit   '@img/sharp-libvips-linuxmusl-x64': [ '1.2.3' ],
23 silly audit   '@img/sharp-linux-arm': [ '0.34.4' ],
23 silly audit   '@img/sharp-linux-arm64': [ '0.34.4' ],
23 silly audit   '@img/sharp-linux-ppc64': [ '0.34.4' ],
23 silly audit   '@img/sharp-linux-s390x': [ '0.34.4' ],
23 silly audit   '@img/sharp-linux-x64': [ '0.34.4' ],
23 silly audit   '@img/sharp-linuxmusl-arm64': [ '0.34.4' ],
23 silly audit   '@img/sharp-linuxmusl-x64': [ '0.34.4' ],
23 silly audit   '@img/sharp-wasm32': [ '0.34.4' ],
23 silly audit   '@img/sharp-win32-arm64': [ '0.34.4' ],
23 silly audit   '@img/sharp-win32-ia32': [ '0.34.4' ],
23 silly audit   '@img/sharp-win32-x64': [ '0.34.4' ],
23 silly audit   '@jridgewell/gen-mapping': [ '0.3.13' ],
23 silly audit   '@jridgewell/remapping': [ '2.3.5' ],
23 silly audit   '@jridgewell/resolve-uri': [ '3.1.2' ],
23 silly audit   '@jridgewell/sourcemap-codec': [ '1.5.5' ],
23 silly audit   '@jridgewell/trace-mapping': [ '0.3.31' ],
23 silly audit   '@next/env': [ '16.0.0' ],
23 silly audit   '@next/swc-darwin-arm64': [ '16.0.0' ],
23 silly audit   '@next/swc-darwin-x64': [ '16.0.0' ],
23 silly audit   '@next/swc-linux-arm64-gnu': [ '16.0.0' ],
23 silly audit   '@next/swc-linux-arm64-musl': [ '16.0.0' ],
23 silly audit   '@next/swc-linux-x64-gnu': [ '16.0.0' ],
23 silly audit   '@next/swc-linux-x64-musl': [ '16.0.0' ],
23 silly audit   '@next/swc-win32-arm64-msvc': [ '16.0.0' ],
23 silly audit   '@next/swc-win32-x64-msvc': [ '16.0.0' ],
23 silly audit   '@radix-ui/react-compose-refs': [ '1.1.2' ],
23 silly audit   '@radix-ui/react-slot': [ '1.2.3' ],
23 silly audit   '@reduxjs/toolkit': [ '2.9.2' ],
23 silly audit   '@standard-schema/spec': [ '1.0.0' ],
23 silly audit   '@standard-schema/utils': [ '0.3.0' ],
23 silly audit   '@swc/helpers': [ '0.5.15' ],
23 silly audit   '@tailwindcss/node': [ '4.1.16' ],
23 silly audit   '@tailwindcss/oxide': [ '4.1.16' ],
23 silly audit   '@tailwindcss/oxide-android-arm64': [ '4.1.16' ],
23 silly audit   '@tailwindcss/oxide-darwin-arm64': [ '4.1.16' ],
23 silly audit   '@tailwindcss/oxide-darwin-x64': [ '4.1.16' ],
23 silly audit   '@tailwindcss/oxide-freebsd-x64': [ '4.1.16' ],
23 silly audit   '@tailwindcss/oxide-linux-arm-gnueabihf': [ '4.1.16' ],
23 silly audit   '@tailwindcss/oxide-linux-arm64-gnu': [ '4.1.16' ],
23 silly audit   '@tailwindcss/oxide-linux-arm64-musl': [ '4.1.16' ],
23 silly audit   '@tailwindcss/oxide-linux-x64-gnu': [ '4.1.16' ],
23 silly audit   '@tailwindcss/oxide-linux-x64-musl': [ '4.1.16' ],
23 silly audit   '@tailwindcss/oxide-win32-arm64-msvc': [ '4.1.16' ],
23 silly audit   '@tailwindcss/oxide-win32-x64-msvc': [ '4.1.16' ],
23 silly audit   '@tailwindcss/postcss': [ '4.1.16' ],
23 silly audit   '@tanstack/query-core': [ '5.90.7' ],
23 silly audit   '@tanstack/react-query': [ '5.90.7' ],
23 silly audit   '@types/d3-array': [ '3.2.2' ],
23 silly audit   '@types/d3-color': [ '3.1.3' ],
23 silly audit   '@types/d3-ease': [ '3.0.2' ],
23 silly audit   '@types/d3-interpolate': [ '3.0.4' ],
23 silly audit   '@types/d3-path': [ '3.1.1' ],
23 silly audit   '@types/d3-scale': [ '4.0.9' ],
23 silly audit   '@types/d3-shape': [ '3.1.7' ],
23 silly audit   '@types/d3-time': [ '3.0.4' ],
23 silly audit   '@types/d3-timer': [ '3.0.2' ],
23 silly audit   '@types/node': [ '20.19.23' ],
23 silly audit   '@types/react': [ '19.2.2' ],
23 silly audit   '@types/react-dom': [ '19.2.2' ],
23 silly audit   '@types/use-sync-external-store': [ '0.0.6' ],
23 silly audit   'caniuse-lite': [ '1.0.30001751' ],
23 silly audit   'class-variance-authority': [ '0.7.1' ],
23 silly audit   'client-only': [ '0.0.1' ],
23 silly audit   clsx: [ '2.1.1' ],
23 silly audit   csstype: [ '3.1.3' ],
23 silly audit   'd3-array': [ '3.2.4' ],
23 silly audit   'd3-color': [ '3.1.0' ],
23 silly audit   'd3-ease': [ '3.0.1' ],
23 silly audit   'd3-format': [ '3.1.0' ],
23 silly audit   'd3-interpolate': [ '3.0.1' ],
23 silly audit   'd3-path': [ '3.1.0' ],
23 silly audit   'd3-scale': [ '4.0.2' ],
23 silly audit   'd3-shape': [ '3.2.0' ],
23 silly audit   'd3-time': [ '3.1.0' ],
23 silly audit   'd3-time-format': [ '4.1.0' ],
23 silly audit   'd3-timer': [ '3.0.1' ],
23 silly audit   'decimal.js-light': [ '2.5.1' ],
23 silly audit   'detect-libc': [ '2.1.2' ],
23 silly audit   'enhanced-resolve': [ '5.18.3' ],
23 silly audit   'es-toolkit': [ '1.41.0' ],
23 silly audit   eventemitter3: [ '5.0.1' ],
23 silly audit   'graceful-fs': [ '4.2.11' ],
23 silly audit   immer: [ '10.2.0' ],
23 silly audit   internmap: [ '2.0.3' ],
23 silly audit   jiti: [ '2.6.1' ],
23 silly audit   lightningcss: [ '1.30.2' ],
23 silly audit   'lightningcss-android-arm64': [ '1.30.2' ],
23 silly audit   'lightningcss-darwin-arm64': [ '1.30.2' ],
23 silly audit   'lightningcss-darwin-x64': [ '1.30.2' ],
23 silly audit   'lightningcss-freebsd-x64': [ '1.30.2' ],
23 silly audit   'lightningcss-linux-arm-gnueabihf': [ '1.30.2' ],
23 silly audit   'lightningcss-linux-arm64-gnu': [ '1.30.2' ],
23 silly audit   'lightningcss-linux-arm64-musl': [ '1.30.2' ],
23 silly audit   'lightningcss-linux-x64-gnu': [ '1.30.2' ],
23 silly audit   'lightningcss-linux-x64-musl': [ '1.30.2' ],
23 silly audit   'lightningcss-win32-arm64-msvc': [ '1.30.2' ],
23 silly audit   'lightningcss-win32-x64-msvc': [ '1.30.2' ],
23 silly audit   'lucide-react': [ '0.548.0' ],
23 silly audit   'magic-string': [ '0.30.21' ],
23 silly audit   nanoid: [ '3.3.11' ],
23 silly audit   next: [ '16.0.0' ],
23 silly audit   postcss: [ '8.4.31', '8.5.6' ],
23 silly audit   picocolors: [ '1.1.1' ],
23 silly audit   react: [ '19.2.0' ],
23 silly audit   'react-dom': [ '19.2.0' ],
23 silly audit   'react-is': [ '19.2.0' ],
23 silly audit   'react-redux': [ '9.2.0' ],
23 silly audit   recharts: [ '3.3.0' ],
23 silly audit   redux: [ '5.0.1' ],
23 silly audit   'redux-thunk': [ '3.1.0' ],
23 silly audit   reselect: [ '5.1.1' ],
23 silly audit   scheduler: [ '0.27.0' ],
23 silly audit   semver: [ '7.7.3' ],
23 silly audit   sharp: [ '0.34.4' ],
23 silly audit   'source-map-js': [ '1.2.1' ],
23 silly audit   'styled-jsx': [ '5.1.6' ],
23 silly audit   'tailwind-merge': [ '3.3.1' ],
23 silly audit   tailwindcss: [ '4.1.16' ],
23 silly audit   tapable: [ '2.3.0' ],
23 silly audit   'tiny-invariant': [ '1.3.3' ],
23 silly audit   tslib: [ '2.8.1' ],
23 silly audit   'tw-animate-css': [ '1.4.0' ],
23 silly audit   typescript: [ '5.9.3' ],
23 silly audit   'undici-types': [ '6.21.0' ],
23 silly audit   'use-sync-external-store': [ '1.6.0' ],
23 silly audit   'victory-vendor': [ '37.3.6' ],
23 silly audit   'html-to-image': [ '1.11.13' ],
23 silly audit   '@tailwindcss/oxide-wasm32-wasi': [ '4.1.16' ]
23 silly audit }
24 verbose reify failed optional dependency /Users/yagnadeep/Desktop/avici-public-dashboard/frontend/node_modules/lightningcss-win32-x64-msvc
25 silly reify mark deleted [
25 silly reify   '/Users/yagnadeep/Desktop/avici-public-dashboard/frontend/node_modules/lightningcss-win32-x64-msvc'
25 silly reify ]
26 verbose reify failed optional dependency /Users/yagnadeep/Desktop/avici-public-dashboard/frontend/node_modules/lightningcss-win32-arm64-msvc
27 silly reify mark deleted [
27 silly reify   '/Users/yagnadeep/Desktop/avici-public-dashboard/frontend/node_modules/lightningcss-win32-arm64-msvc'
27 silly reify ]
28 verbose reify failed optional dependency /Users/yagnadeep/Desktop/avici-public-dashboard/frontend/node_modules/lightningcss-linux-x64-musl
29 silly reify mark deleted [
29 silly reify   '/Users/yagnadeep/Desktop/avici-public-dashboard/frontend/node_modules/lightningcss-linux-x64-musl'
29 silly reify ]
30 verbose reify failed optional dependency /Users/yagnadeep/Desktop/avici-public-dashboard/frontend/node_modules/lightningcss-linux-x64-gnu
31 silly reify mark deleted [
31 silly reify   '/Users/yagnadeep/Desktop/avici-public-dashboard/frontend/node_modules/lightningcss-linux-x64-gnu'
31 silly reify ]
32 verbose reify failed optional dependency /Users/yagnadeep/Desktop/avici-public-dashboard/frontend/node_modules/lightningcss-linux-arm64-musl
33 silly reify mark deleted [
33 silly reify   '/Users/yagnadeep/Desktop/avici-public-dashboard/frontend/node_modules/lightningcss-linux-arm64-musl'
33 silly reify ]
34 verbose reify failed optional dependency /Users/yagnadeep/Desktop/avici-public-dashboard/frontend/node_modules/lightningcss-linux-arm64-gnu
35 silly reify mark deleted [
35 silly reify   '/Users/yagnadeep/Desktop/avici-public-dashboard/frontend/node_modules/lightningcss-linux-arm64-gnu'
35 silly reify ]
36 verbose reify failed optional dependency /Users/yagnadeep/Desktop/avici-public-dashboard/frontend/node_modules/lightningcss-linux-arm-gnueabihf
37 silly reify mark deleted [
37 silly reify   '/Users/yagnadeep/Desktop/avici-public-dashboard/frontend/node_modules/lightningcss-linux-arm-gnueabihf'
37 silly reify ]
38 verbose reify failed optional dependency /Users/yagnadeep/Desktop/avici-public-dashboard/frontend/node_modules/lightningcss-freebsd-x64
39 silly reify mark deleted [
39 silly reify   '/Users/yagnadeep/Desktop/avici-public-dashboard/frontend/node_modules/lightningcss-freebsd-x64'
39 silly reify ]
40 verbose reify failed optional dependency /Users/yagnadeep/Desktop/avici-public-dashboard/frontend/node_modules/lightningcss-darwin-x64
41 silly reify mark deleted [
41 silly reify   '/Users/yagnadeep/Desktop/avici-public-dashboard/frontend/node_modules/lightningcss-darwin-x64'
41 silly reify ]
42 verbose reify failed optional dependency /Users/yagnadeep/Desktop/avici-public-dashboard/frontend/node_modules/lightningcss-android-arm64
43 silly reify mark deleted [
43 silly reify   '/Users/yagnadeep/Desktop/avici-public-dashboard/frontend/node_modules/lightningcss-android-arm64'
43 silly reify ]
44 verbose reify failed optional dependency /Users/yagnadeep/Desktop/avici-public-dashboard/frontend/node_modules/@tailwindcss/oxide-win32-x64-msvc
45 silly reify mark deleted [
45 silly reify   '/Users/yagnadeep/Desktop/avici-public-dashboard/frontend/node_modules/@tailwindcss/oxide-win32-x64-msvc'
45 silly reify ]
46 verbose reify failed optional dependency /Users/yagnadeep/Desktop/avici-public-dashboard/frontend/node_modules/@tailwindcss/oxide-win32-arm64-msvc
47 silly reify mark deleted [
47 silly reify   '/Users/yagnadeep/Desktop/avici-public-dashboard/frontend/node_modules/@tailwindcss/oxide-win32-arm64-msvc'
47 silly reify ]
48 verbose reify failed optional dependency /Users/yagnadeep/Desktop/avici-public-dashboard/frontend/node_modules/@tailwindcss/oxide-linux-x64-musl
49 silly reify mark deleted [
49 silly reify   '/Users/yagnadeep/Desktop/avici-public-dashboard/frontend/node_modules/@tailwindcss/oxide-linux-x64-musl'
49 silly reify ]
50 verbose reify failed optional dependency /Users/yagnadeep/Desktop/avici-public-dashboard/frontend/node_modules/@tailwindcss/oxide-linux-x64-gnu
51 silly reify mark deleted [
51 silly reify   '/Users/yagnadeep/Desktop/avici-public-dashboard/frontend/node_modules/@tailwindcss/oxide-linux-x64-gnu'
51 silly reify ]
52 verbose reify failed optional dependency /Users/yagnadeep/Desktop/avici-public-dashboard/frontend/node_modules/@tailwindcss/oxide-linux-arm64-musl
53 silly reify mark deleted [
53 silly reify   '/Users/yagnadeep/Desktop/avici-public-dashboard/frontend/node_modules/@tailwindcss/oxide-linux-arm64-musl'
53 silly reify ]
54 verbose reify failed optional dependency /Users/yagnadeep/Desktop/avici-public-dashboard/frontend/node_modules/@tailwindcss/oxide-linux-arm64-gnu
55 silly reify mark deleted [
55 silly reify   '/Users/yagnadeep/Desktop/avici-public-dashboard/frontend/node_modules/@tailwindcss/oxide-linux-arm64-gnu'
55 silly reify ]
56 verbose reify failed optional dependency /Users/yagnadeep/Desktop/avici-public-dashboard/frontend/node_modules/@tailwindcss/oxide-linux-arm-gnueabihf
57 silly reify mark deleted [
57 silly reify   '/Users/yagnadeep/Desktop/avici-public-dashboard/frontend/node_modules/@tailwindcss/oxide-linux-arm-gnueabihf'
57 silly reify ]
58 verbose reify failed optional dependency /Users/yagnadeep/Desktop/avici-public-dashboard/frontend/node_modules/@tailwindcss/oxide-freebsd-x64
59 silly reify mark deleted [
59 silly reify   '/Users/yagnadeep/Desktop/avici-public-dashboard/frontend/node_modules/@tailwindcss/oxide-freebsd-x64'
59 silly reify ]
60 verbose reify failed optional dependency /Users/yagnadeep/Desktop/avici-public-dashboard/frontend/node_modules/@tailwindcss/oxide-darwin-x64
61 silly reify mark deleted [
61 silly reify   '/Users/yagnadeep/Desktop/avici-public-dashboard/frontend/node_modules/@tailwindcss/oxide-darwin-x64'
61 silly reify ]
62 verbose reify failed optional dependency /Users/yagnadeep/Desktop/avici-public-dashboard/frontend/node_modules/@tailwindcss/oxide-android-arm64
63 silly reify mark deleted [
63 silly reify   '/Users/yagnadeep/Desktop/avici-public-dashboard/frontend/node_modules/@tailwindcss/oxide-android-arm64'
63 silly reify ]
64 verbose reify failed optional dependency /Users/yagnadeep/Desktop/avici-public-dashboard/frontend/node_modules/@next/swc-win32-x64-msvc
65 silly reify mark deleted [
65 silly reify   '/Users/yagnadeep/Desktop/avici-public-dashboard/frontend/node_modules/@next/swc-win32-x64-msvc'
65 silly reify ]
66 verbose reify failed optional dependency /Users/yagnadeep/Desktop/avici-public-dashboard/frontend/node_modules/@next/swc-win32-arm64-msvc
67 silly reify mark deleted [
67 silly reify   '/Users/yagnadeep/Desktop/avici-public-dashboard/frontend/node_modules/@next/swc-win32-arm64-msvc'
67 silly reify ]
68 verbose reify failed optional dependency /Users/yagnadeep/Desktop/avici-public-dashboard/frontend/node_modules/@next/swc-linux-x64-musl
69 silly reify mark deleted [
69 silly reify   '/Users/yagnadeep/Desktop/avici-public-dashboard/frontend/node_modules/@next/swc-linux-x64-musl'
69 silly reify ]
70 verbose reify failed optional dependency /Users/yagnadeep/Desktop/avici-public-dashboard/frontend/node_modules/@next/swc-linux-x64-gnu
71 silly reify mark deleted [
71 silly reify   '/Users/yagnadeep/Desktop/avici-public-dashboard/frontend/node_modules/@next/swc-linux-x64-gnu'
71 silly reify ]
72 verbose reify failed optional dependency /Users/yagnadeep/Desktop/avici-public-dashboard/frontend/node_modules/@next/swc-linux-arm64-musl
73 silly reify mark deleted [
73 silly reify   '/Users/yagnadeep/Desktop/avici-public-dashboard/frontend/node_modules/@next/swc-linux-arm64-musl'
73 silly reify ]
74 verbose reify failed optional dependency /Users/yagnadeep/Desktop/avici-public-dashboard/frontend/node_modules/@next/swc-linux-arm64-gnu
75 silly reify mark deleted [
75 silly reify   '/Users/yagnadeep/Desktop/avici-public-dashboard/frontend/node_modules/@next/swc-linux-arm64-gnu'
75 silly reify ]
76 verbose reify failed optional dependency /Users/yagnadeep/Desktop/avici-public-dashboard/frontend/node_modules/@next/swc-darwin-x64
77 silly reify mark deleted [
77 silly reify   '/Users/yagnadeep/Desktop/avici-public-dashboard/frontend/node_modules/@next/swc-darwin-x64'
77 silly reify ]
78 verbose reify failed optional dependency /Users/yagnadeep/Desktop/avici-public-dashboard/frontend/node_modules/@img/sharp-win32-x64
79 silly reify mark deleted [
79 silly reify   '/Users/yagnadeep/Desktop/avici-public-dashboard/frontend/node_modules/@img/sharp-win32-x64'
79 silly reify ]
80 verbose reify failed optional dependency /Users/yagnadeep/Desktop/avici-public-dashboard/frontend/node_modules/@img/sharp-win32-ia32
81 silly reify mark deleted [
81 silly reify   '/Users/yagnadeep/Desktop/avici-public-dashboard/frontend/node_modules/@img/sharp-win32-ia32'
81 silly reify ]
82 verbose reify failed optional dependency /Users/yagnadeep/Desktop/avici-public-dashboard/frontend/node_modules/@img/sharp-win32-arm64
83 silly reify mark deleted [
83 silly reify   '/Users/yagnadeep/Desktop/avici-public-dashboard/frontend/node_modules/@img/sharp-win32-arm64'
83 silly reify ]
84 verbose reify failed optional dependency /Users/yagnadeep/Desktop/avici-public-dashboard/frontend/node_modules/@img/sharp-wasm32
85 silly reify mark deleted [
85 silly reify   '/Users/yagnadeep/Desktop/avici-public-dashboard/frontend/node_modules/@img/sharp-wasm32'
85 silly reify ]
86 verbose reify failed optional dependency /Users/yagnadeep/Desktop/avici-public-dashboard/frontend/node_modules/@img/sharp-linuxmusl-x64
87 silly reify mark deleted [
87 silly reify   '/Users/yagnadeep/Desktop/avici-public-dashboard/frontend/node_modules/@img/sharp-linuxmusl-x64'
87 silly reify ]
88 verbose reify failed optional dependency /Users/yagnadeep/Desktop/avici-public-dashboard/frontend/node_modules/@img/sharp-linuxmusl-arm64
89 silly reify mark deleted [
89 silly reify   '/Users/yagnadeep/Desktop/avici-public-dashboard/frontend/node_modules/@img/sharp-linuxmusl-arm64'
89 silly reify ]
90 verbose reify failed optional dependency /Users/yagnadeep/Desktop/avici-public-dashboard/frontend/node_modules/@img/sharp-linux-x64
91 silly reify mark deleted [
91 silly reify   '/Users/yagnadeep/Desktop/avici-public-dashboard/frontend/node_modules/@img/sharp-linux-x64'
91 silly reify ]
92 verbose reify failed optional dependency /Users/yagnadeep/Desktop/avici-public-dashboard/frontend/node_modules/@img/sharp-linux-s390x
93 silly reify mark deleted [
93 silly reify   '/Users/yagnadeep/Desktop/avici-public-dashboard/frontend/node_modules/@img/sharp-linux-s390x'
93 silly reify ]
94 verbose reify failed optional dependency /Users/yagnadeep/Desktop/avici-public-dashboard/frontend/node_modules/@img/sharp-linux-ppc64
95 silly reify mark deleted [
95 silly reify   '/Users/yagnadeep/Desktop/avici-public-dashboard/frontend/node_modules/@img/sharp-linux-ppc64'
95 silly reify ]
96 verbose reify failed optional dependency /Users/yagnadeep/Desktop/avici-public-dashboard/frontend/node_modules/@img/sharp-linux-arm64
97 silly reify mark deleted [
97 silly reify   '/Users/yagnadeep/Desktop/avici-public-dashboard/frontend/node_modules/@img/sharp-linux-arm64'
97 silly reify ]
98 verbose reify failed optional dependency /Users/yagnadeep/Desktop/avici-public-dashboard/frontend/node_modules/@img/sharp-linux-arm
99 silly reify mark deleted [
99 silly reify   '/Users/yagnadeep/Desktop/avici-public-dashboard/frontend/node_modules/@img/sharp-linux-arm'
99 silly reify ]
100 verbose reify failed optional dependency /Users/yagnadeep/Desktop/avici-public-dashboard/frontend/node_modules/@img/sharp-libvips-linuxmusl-x64
101 silly reify mark deleted [
101 silly reify   '/Users/yagnadeep/Desktop/avici-public-dashboard/frontend/node_modules/@img/sharp-libvips-linuxmusl-x64'
101 silly reify ]
102 verbose reify failed optional dependency /Users/yagnadeep/Desktop/avici-public-dashboard/frontend/node_modules/@img/sharp-libvips-linuxmusl-arm64
103 silly reify mark deleted [
103 silly reify   '/Users/yagnadeep/Desktop/avici-public-dashboard/frontend/node_modules/@img/sharp-libvips-linuxmusl-arm64'
103 silly reify ]
104 verbose reify failed optional dependency /Users/yagnadeep/Desktop/avici-public-dashboard/frontend/node_modules/@img/sharp-libvips-linux-x64
105 silly reify mark deleted [
105 silly reify   '/Users/yagnadeep/Desktop/avici-public-dashboard/frontend/node_modules/@img/sharp-libvips-linux-x64'
105 silly reify ]
106 verbose reify failed optional dependency /Users/yagnadeep/Desktop/avici-public-dashboard/frontend/node_modules/@img/sharp-libvips-linux-s390x
107 silly reify mark deleted [
107 silly reify   '/Users/yagnadeep/Desktop/avici-public-dashboard/frontend/node_modules/@img/sharp-libvips-linux-s390x'
107 silly reify ]
108 verbose reify failed optional dependency /Users/yagnadeep/Desktop/avici-public-dashboard/frontend/node_modules/@img/sharp-libvips-linux-ppc64
109 silly reify mark deleted [
109 silly reify   '/Users/yagnadeep/Desktop/avici-public-dashboard/frontend/node_modules/@img/sharp-libvips-linux-ppc64'
109 silly reify ]
110 verbose reify failed optional dependency /Users/yagnadeep/Desktop/avici-public-dashboard/frontend/node_modules/@img/sharp-libvips-linux-arm64
111 silly reify mark deleted [
111 silly reify   '/Users/yagnadeep/Desktop/avici-public-dashboard/frontend/node_modules/@img/sharp-libvips-linux-arm64'
111 silly reify ]
112 verbose reify failed optional dependency /Users/yagnadeep/Desktop/avici-public-dashboard/frontend/node_modules/@img/sharp-libvips-linux-arm
113 silly reify mark deleted [
113 silly reify   '/Users/yagnadeep/Desktop/avici-public-dashboard/frontend/node_modules/@img/sharp-libvips-linux-arm'
113 silly reify ]
114 verbose reify failed optional dependency /Users/yagnadeep/Desktop/avici-public-dashboard/frontend/node_modules/@img/sharp-libvips-darwin-x64
115 silly reify mark deleted [
115 silly reify   '/Users/yagnadeep/Desktop/avici-public-dashboard/frontend/node_modules/@img/sharp-libvips-darwin-x64'
115 silly reify ]
116 verbose reify failed optional dependency /Users/yagnadeep/Desktop/avici-public-dashboard/frontend/node_modules/@img/sharp-darwin-x64
117 silly reify mark deleted [
117 silly reify   '/Users/yagnadeep/Desktop/avici-public-dashboard/frontend/node_modules/@img/sharp-darwin-x64'
117 silly reify ]
118 http cache html-to-image@https://registry.npmjs.org/html-to-image/-/html-to-image-1.11.13.tgz 0ms (cache hit)
119 silly tarball no local data for html-to-image@https://registry.npmjs.org/html-to-image/-/html-to-image-1.11.13.tgz. Extracting by manifest.
120 http fetch GET 200 https://registry.npmjs.org/html-to-image/-/html-to-image-1.11.13.tgz 165ms (cache miss)
121 http fetch POST 200 https://registry.npmjs.org/-/npm/v1/security/advisories/bulk 288ms
122 silly audit report {}
123 silly ADD node_modules/html-to-image
124 silly ADD node_modules/lightningcss-win32-x64-msvc
125 silly ADD node_modules/lightningcss-win32-arm64-msvc
126 silly ADD node_modules/lightningcss-linux-x64-musl
127 silly ADD node_modules/lightningcss-linux-x64-gnu
128 silly ADD node_modules/lightningcss-linux-arm64-musl
129 silly ADD node_modules/lightningcss-linux-arm64-gnu
130 silly ADD node_modules/lightningcss-linux-arm-gnueabihf
131 silly ADD node_modules/lightningcss-freebsd-x64
132 silly ADD node_modules/lightningcss-darwin-x64
133 silly ADD node_modules/lightningcss-android-arm64
134 silly ADD node_modules/@tailwindcss/oxide-win32-x64-msvc
135 silly ADD node_modules/@tailwindcss/oxide-win32-arm64-msvc
136 silly ADD node_modules/@tailwindcss/oxide-wasm32-wasi
137 silly ADD node_modules/@tailwindcss/oxide-linux-x64-musl
138 silly ADD node_modules/@tailwindcss/oxide-linux-x64-gnu
139 silly ADD node_modules/@tailwindcss/oxide-linux-arm64-musl
140 silly ADD node_modules/@tailwindcss/oxide-linux-arm64-gnu
141 silly ADD node_modules/@tailwindcss/oxide-linux-arm-gnueabihf
142 silly ADD node_modules/@tailwindcss/oxide-freebsd-x64
143 silly ADD node_modules/@tailwindcss/oxide-darwin-x64
144 silly ADD node_modules/@tailwindcss/oxide-android-arm64
145 silly ADD node_modules/@next/swc-win32-x64-msvc
146 silly ADD node_modules/@next/swc-win32-arm64-msvc
147 silly ADD node_modules/@next/swc-linux-x64-musl
148 silly ADD node_modules/@next/swc-linux-x64-gnu
149 silly ADD node_modules/@next/swc-linux-arm64-musl
150 silly ADD node_modules/@next/swc-linux-arm64-gnu
151 silly ADD node_modules/@next/swc-darwin-x64
152 silly ADD node_modules/@img/sharp-win32-x64
153 silly ADD node_modules/@img/sharp-win32-ia32
154 silly ADD node_modules/@img/sharp-win32-arm64
155 silly ADD node_modules/@img/sharp-wasm32
156 silly ADD node_modules/@img/sharp-linuxmusl-x64
157 silly ADD node_modules/@img/sharp-linuxmusl-arm64
158 silly ADD node_modules/@img/sharp-linux-x64
159 silly ADD node_modules/@img/sharp-linux-s390x
160 silly ADD node_modules/@img/sharp-linux-ppc64
161 silly ADD node_modules/@img/sharp-linux-arm64
162 silly ADD node_modules/@img/sharp-linux-arm
163 silly ADD node_modules/@img/sharp-libvips-linuxmusl-x64
164 silly ADD node_modules/@img/sharp-libvips-linuxmusl-arm64
165 silly ADD node_modules/@img/sharp-libvips-linux-x64
166 silly ADD node_modules/@img/sharp-libvips-linux-s390x
167 silly ADD node_modules/@img/sharp-libvips-linux-ppc64
168 silly ADD node_modules/@img/sharp-libvips-linux-arm64
169 silly ADD node_modules/@img/sharp-libvips-linux-arm
170 silly ADD node_modules/@img/sharp-libvips-darwin-x64
171 silly ADD node_modules/@img/sharp-darwin-x64
172 verbose cwd /Users/yagnadeep/Desktop/avici-public-dashboard/frontend
173 verbose os Darwin 24.4.0
174 verbose node v23.11.0
175 verbose npm  v11.5.2
176 verbose exit 0
177 info ok
